// Jest Snapshot v1, https://goo.gl/fbAQLP

exports[`should render a Home page 1`] = `
<div>
  <div>
    <h1>
      This is the Home page!
    </h1>
  </div>
</div>
`;
